Connection Established
Please enter your desired username
Please select a difficulty
1 - Easy
2 - Medium
3 - Hard
krabs has joined the game.
spongebob has joined the game.
mrspuff has joined the game.
spongebob has joined the game.
patrick has joined the game.
spongebob has joined the game.
