Connection Established
Please enter your desired username
Please select a difficulty
1 - Easy
2 - Medium
3 - Hard
Enter 's' to start the game.
spongebob has joined the game.
